// Jest Snapshot v1, https://goo.gl/fbAQLP

exports[`AirlineGrid should match the snapshot 1`] = `
<div
  class="row w-100"
>
  <div
    class="pr-2 pb-2 col-lg-3 col-md-3 col-sm-4 col-xs-6 col"
  >
    <div
      class="airline-grid-item"
    />
  </div>
  <div
    class="pr-2 pb-2 col-lg-3 col-md-3 col-sm-4 col-xs-6 col"
  >
    <div
      class="airline-grid-item"
    />
  </div>
</div>
`;
